------------------------------------------------------------
TimeQuest Timing Analyzer Summary
------------------------------------------------------------

Type  : Slow 1200mV 85C Model Setup 'divfreq_change:F4|CLK_div_change'
Slack : -17.041
TNS   : -1717.085

Type  : Slow 1200mV 85C Model Setup 'divfreq:F0|CLK_div'
Slack : -14.481
TNS   : -2830.790

Type  : Slow 1200mV 85C Model Setup 'CLK'
Slack : -3.924
TNS   : -381.230

Type  : Slow 1200mV 85C Model Setup 'divfreq2:F1|CLK_div2'
Slack : -0.325
TNS   : -0.352

Type  : Slow 1200mV 85C Model Hold 'CLK'
Slack : -0.143
TNS   : -0.284

Type  : Slow 1200mV 85C Model Hold 'divfreq_change:F4|CLK_div_change'
Slack : 0.446
TNS   : 0.000

Type  : Slow 1200mV 85C Model Hold 'divfreq:F0|CLK_div'
Slack : 0.452
TNS   : 0.000

Type  : Slow 1200mV 85C Model Hold 'divfreq2:F1|CLK_div2'
Slack : 0.454
TNS   : 0.000

Type  : Slow 1200mV 85C Model Minimum Pulse Width 'CLK'
Slack : -3.000
TNS   : -214.154

Type  : Slow 1200mV 85C Model Minimum Pulse Width 'divfreq:F0|CLK_div'
Slack : -1.487
TNS   : -746.474

Type  : Slow 1200mV 85C Model Minimum Pulse Width 'divfreq_change:F4|CLK_div_change'
Slack : -1.487
TNS   : -242.381

Type  : Slow 1200mV 85C Model Minimum Pulse Width 'divfreq2:F1|CLK_div2'
Slack : -1.487
TNS   : -4.461

Type  : Slow 1200mV 0C Model Setup 'divfreq_change:F4|CLK_div_change'
Slack : -15.911
TNS   : -1591.752

Type  : Slow 1200mV 0C Model Setup 'divfreq:F0|CLK_div'
Slack : -13.268
TNS   : -2623.575

Type  : Slow 1200mV 0C Model Setup 'CLK'
Slack : -3.664
TNS   : -347.765

Type  : Slow 1200mV 0C Model Setup 'divfreq2:F1|CLK_div2'
Slack : -0.191
TNS   : -0.191

Type  : Slow 1200mV 0C Model Hold 'CLK'
Slack : -0.102
TNS   : -0.219

Type  : Slow 1200mV 0C Model Hold 'divfreq_change:F4|CLK_div_change'
Slack : 0.398
TNS   : 0.000

Type  : Slow 1200mV 0C Model Hold 'divfreq:F0|CLK_div'
Slack : 0.401
TNS   : 0.000

Type  : Slow 1200mV 0C Model Hold 'divfreq2:F1|CLK_div2'
Slack : 0.403
TNS   : 0.000

Type  : Slow 1200mV 0C Model Minimum Pulse Width 'CLK'
Slack : -3.000
TNS   : -214.154

Type  : Slow 1200mV 0C Model Minimum Pulse Width 'divfreq:F0|CLK_div'
Slack : -1.487
TNS   : -746.474

Type  : Slow 1200mV 0C Model Minimum Pulse Width 'divfreq_change:F4|CLK_div_change'
Slack : -1.487
TNS   : -242.381

Type  : Slow 1200mV 0C Model Minimum Pulse Width 'divfreq2:F1|CLK_div2'
Slack : -1.487
TNS   : -4.461

Type  : Fast 1200mV 0C Model Setup 'divfreq_change:F4|CLK_div_change'
Slack : -6.949
TNS   : -654.077

Type  : Fast 1200mV 0C Model Setup 'divfreq:F0|CLK_div'
Slack : -5.674
TNS   : -984.005

Type  : Fast 1200mV 0C Model Setup 'CLK'
Slack : -1.102
TNS   : -84.577

Type  : Fast 1200mV 0C Model Setup 'divfreq2:F1|CLK_div2'
Slack : 0.422
TNS   : 0.000

Type  : Fast 1200mV 0C Model Hold 'CLK'
Slack : -0.233
TNS   : -0.623

Type  : Fast 1200mV 0C Model Hold 'divfreq:F0|CLK_div'
Slack : 0.186
TNS   : 0.000

Type  : Fast 1200mV 0C Model Hold 'divfreq_change:F4|CLK_div_change'
Slack : 0.186
TNS   : 0.000

Type  : Fast 1200mV 0C Model Hold 'divfreq2:F1|CLK_div2'
Slack : 0.187
TNS   : 0.000

Type  : Fast 1200mV 0C Model Minimum Pulse Width 'CLK'
Slack : -3.000
TNS   : -153.947

Type  : Fast 1200mV 0C Model Minimum Pulse Width 'divfreq:F0|CLK_div'
Slack : -1.000
TNS   : -502.000

Type  : Fast 1200mV 0C Model Minimum Pulse Width 'divfreq_change:F4|CLK_div_change'
Slack : -1.000
TNS   : -163.000

Type  : Fast 1200mV 0C Model Minimum Pulse Width 'divfreq2:F1|CLK_div2'
Slack : -1.000
TNS   : -3.000

------------------------------------------------------------
